src/components/public/SeoServicePage.tsx(123,8): error TS17008: JSX element 'section' has no corresponding closing tag.
src/components/public/SeoServicePage.tsx(127,15): error TS2657: JSX expressions must have one parent element.
src/components/public/SeoServicePage.tsx(128,22): error TS1003: Identifier expected.
src/components/public/SeoServicePage.tsx(130,19): error TS17002: Expected corresponding JSX closing tag for 'motion.div'.
src/components/public/SeoServicePage.tsx(132,15): error TS1005: ')' expected.
src/components/public/SeoServicePage.tsx(132,17): error TS17002: Expected corresponding JSX closing tag for 'div'.
src/components/public/SeoServicePage.tsx(133,15): error TS1381: Unexpected token. Did you mean `{'}'}` or `&rbrace;`?
src/components/public/SeoServicePage.tsx(136,7): error TS1005: ')' expected.
src/components/public/SeoServicePage.tsx(139,16): error TS1005: ';' expected.
src/components/public/SeoServicePage.tsx(156,15): error TS1005: '}' expected.
src/components/public/SeoServicePage.tsx(157,15): error TS1381: Unexpected token. Did you mean `{'}'}` or `&rbrace;`?
src/components/public/SeoServicePage.tsx(158,13): error TS17002: Expected corresponding JSX closing tag for 'div'.
src/components/public/SeoServicePage.tsx(159,9): error TS1128: Declaration or statement expected.
src/components/public/SeoServicePage.tsx(160,7): error TS1109: Expression expected.
src/components/public/SeoServicePage.tsx(163,16): error TS1005: ';' expected.
src/components/public/SeoServicePage.tsx(169,50): error TS1005: ',' expected.
src/components/public/SeoServicePage.tsx(171,24): error TS1003: Identifier expected.
src/components/public/SeoServicePage.tsx(171,134): error TS1382: Unexpected token. Did you mean `{'>'}` or `&gt;`?
src/components/public/SeoServicePage.tsx(210,30): error TS17008: JSX element 'ul' has no corresponding closing tag.
src/components/public/SeoServicePage.tsx(213,35): error TS2657: JSX expressions must have one parent element.
src/components/public/SeoServicePage.tsx(215,43): error TS1003: Identifier expected.
src/components/public/SeoServicePage.tsx(215,101): error TS1382: Unexpected token. Did you mean `{'>'}` or `&gt;`?
src/components/public/SeoServicePage.tsx(215,118): error TS17002: Expected corresponding JSX closing tag for 'div'.
src/components/public/SeoServicePage.tsx(217,35): error TS1005: '}' expected.
src/components/public/SeoServicePage.tsx(218,33): error TS1005: ')' expected.
src/components/public/SeoServicePage.tsx(218,35): error TS17002: Expected corresponding JSX closing tag for 'div'.
src/components/public/SeoServicePage.tsx(219,33): error TS1381: Unexpected token. Did you mean `{'}'}` or `&rbrace;`?
src/components/public/SeoServicePage.tsx(220,31): error TS17002: Expected corresponding JSX closing tag for 'motion.div'.
src/components/public/SeoServicePage.tsx(222,25): error TS1005: ',' expected.
src/components/public/SeoServicePage.tsx(222,26): error TS1005: ';' expected.
src/components/public/SeoServicePage.tsx(225,21): error TS1128: Declaration or statement expected.
src/components/public/SeoServicePage.tsx(226,19): error TS1109: Expression expected.
src/components/public/SeoServicePage.tsx(227,17): error TS1109: Expression expected.
src/components/public/SeoServicePage.tsx(228,15): error TS1109: Expression expected.
src/components/public/SeoServicePage.tsx(229,13): error TS1109: Expression expected.
src/components/public/SeoServicePage.tsx(230,12): error TS1128: Declaration or statement expected.
src/components/public/SeoServicePage.tsx(230,13): error TS1128: Declaration or statement expected.
src/components/public/SeoServicePage.tsx(231,9): error TS1128: Declaration or statement expected.
src/components/public/SeoServicePage.tsx(232,7): error TS1109: Expression expected.
src/components/public/SeoServicePage.tsx(233,5): error TS1109: Expression expected.
src/components/public/SeoServicePage.tsx(234,3): error TS1109: Expression expected.
src/components/public/SeoServicePage.tsx(235,1): error TS1128: Declaration or statement expected.
src/components/public/WebDevServicePage.tsx(44,8): error TS17008: JSX element 'motion.div' has no corresponding closing tag.
src/components/public/WebDevServicePage.tsx(111,17): error TS2657: JSX expressions must have one parent element.
src/components/public/WebDevServicePage.tsx(112,24): error TS1003: Identifier expected.
src/components/public/WebDevServicePage.tsx(114,17): error TS1005: ')' expected.
src/components/public/WebDevServicePage.tsx(115,17): error TS1381: Unexpected token. Did you mean `{'}'}` or `&rbrace;`?
src/components/public/WebDevServicePage.tsx(122,19): error TS2657: JSX expressions must have one parent element.
src/components/public/WebDevServicePage.tsx(124,24): error TS1003: Identifier expected.
src/components/public/WebDevServicePage.tsx(125,17): error TS1005: ')' expected.
src/components/public/WebDevServicePage.tsx(126,17): error TS1381: Unexpected token. Did you mean `{'}'}` or `&rbrace;`?
src/components/public/WebDevServicePage.tsx(129,9): error TS1005: ')' expected.
src/components/public/WebDevServicePage.tsx(131,7): error TS1109: Expression expected.
src/components/public/WebDevServicePage.tsx(132,5): error TS1109: Expression expected.
src/components/public/WebDevServicePage.tsx(133,3): error TS1109: Expression expected.
src/components/public/WebDevServicePage.tsx(210,41): error TS1005: ',' expected.
src/components/public/WebDevServicePage.tsx(210,48): error TS1136: Property assignment expected.
src/components/public/WebDevServicePage.tsx(210,50): error TS1005: '...' expected.
src/components/public/WebDevServicePage.tsx(210,51): error TS1005: '}' expected.
src/components/public/WebDevServicePage.tsx(210,85): error TS1381: Unexpected token. Did you mean `{'}'}` or `&rbrace;`?
src/components/public/WebDevServicePage.tsx(210,86): error TS1381: Unexpected token. Did you mean `{'}'}` or `&rbrace;`?
src/components/public/WebDevServicePage.tsx(211,11): error TS1382: Unexpected token. Did you mean `{'>'}` or `&gt;`?
src/components/public/WebDevServicePage.tsx(229,13): error TS17002: Expected corresponding JSX closing tag for 'div'.
src/components/public/WebDevServicePage.tsx(233,41): error TS1005: ',' expected.
src/components/public/WebDevServicePage.tsx(236,11): error TS1005: ',' expected.
src/components/public/WebDevServicePage.tsx(236,13): error TS17002: Expected corresponding JSX closing tag for 'section'.
src/components/public/WebDevServicePage.tsx(237,11): error TS17002: Expected corresponding JSX closing tag for 'main'.
src/components/public/WebDevServicePage.tsx(238,7): error TS1005: ')' expected.
src/components/public/WebDevServicePage.tsx(245,16): error TS1005: ';' expected.
src/components/public/WebDevServicePage.tsx(259,15): error TS2657: JSX expressions must have one parent element.
src/components/public/WebDevServicePage.tsx(263,19): error TS1003: Identifier expected.
src/components/public/WebDevServicePage.tsx(267,19): error TS17002: Expected corresponding JSX closing tag for 'motion.div'.
src/components/public/WebDevServicePage.tsx(273,15): error TS1005: ')' expected.
src/components/public/WebDevServicePage.tsx(273,17): error TS17002: Expected corresponding JSX closing tag for 'div'.
src/components/public/WebDevServicePage.tsx(274,15): error TS1381: Unexpected token. Did you mean `{'}'}` or `&rbrace;`?
src/components/public/WebDevServicePage.tsx(276,9): error TS1128: Declaration or statement expected.
src/components/public/WebDevServicePage.tsx(277,7): error TS1109: Expression expected.
src/components/public/WebDevServicePage.tsx(282,16): error TS1005: ';' expected.
src/components/public/WebDevServicePage.tsx(299,18): error TS17008: JSX element 'ul' has no corresponding closing tag.
src/components/public/WebDevServicePage.tsx(308,31): error TS1003: Identifier expected.
src/components/public/WebDevServicePage.tsx(308,82): error TS1382: Unexpected token. Did you mean `{'>'}` or `&gt;`?
src/components/public/WebDevServicePage.tsx(308,86): error TS17002: Expected corresponding JSX closing tag for 'div'.
src/components/public/WebDevServicePage.tsx(309,23): error TS1005: '}' expected.
src/components/public/WebDevServicePage.tsx(311,23): error TS17002: Expected corresponding JSX closing tag for 'div'.
src/components/public/WebDevServicePage.tsx(312,21): error TS1381: Unexpected token. Did you mean `{'}'}` or `&rbrace;`?
src/components/public/WebDevServicePage.tsx(313,19): error TS17002: Expected corresponding JSX closing tag for 'div'.
src/components/public/WebDevServicePage.tsx(324,19): error TS2657: JSX expressions must have one parent element.
src/components/public/WebDevServicePage.tsx(327,26): error TS1003: Identifier expected.
src/components/public/WebDevServicePage.tsx(327,74): error TS17002: Expected corresponding JSX closing tag for 'motion.div'.
src/components/public/WebDevServicePage.tsx(330,19): error TS1005: ')' expected.
src/components/public/WebDevServicePage.tsx(330,21): error TS17002: Expected corresponding JSX closing tag for 'div'.
src/components/public/WebDevServicePage.tsx(331,17): error TS1128: Declaration or statement expected.
src/components/public/WebDevServicePage.tsx(331,18): error TS1128: Declaration or statement expected.
src/components/public/WebDevServicePage.tsx(332,15): error TS1128: Declaration or statement expected.
src/components/public/WebDevServicePage.tsx(333,13): error TS1109: Expression expected.
src/components/public/WebDevServicePage.tsx(334,11): error TS1109: Expression expected.
src/components/public/WebDevServicePage.tsx(335,9): error TS1109: Expression expected.
src/components/public/WebDevServicePage.tsx(336,7): error TS1109: Expression expected.
src/components/public/WebDevServicePage.tsx(341,16): error TS1005: ';' expected.
src/components/public/WebDevServicePage.tsx(371,15): error TS2657: JSX expressions must have one parent element.
src/components/public/WebDevServicePage.tsx(374,22): error TS1003: Identifier expected.
src/components/public/WebDevServicePage.tsx(382,19): error TS17002: Expected corresponding JSX closing tag for 'motion.div'.
src/components/public/WebDevServicePage.tsx(394,15): error TS1005: ')' expected.
src/components/public/WebDevServicePage.tsx(394,17): error TS17002: Expected corresponding JSX closing tag for 'div'.
src/components/public/WebDevServicePage.tsx(395,15): error TS1381: Unexpected token. Did you mean `{'}'}` or `&rbrace;`?
src/components/public/WebDevServicePage.tsx(397,9): error TS1128: Declaration or statement expected.
src/components/public/WebDevServicePage.tsx(398,7): error TS1109: Expression expected.
src/components/public/WebDevServicePage.tsx(403,16): error TS1005: ';' expected.
src/components/public/WebDevServicePage.tsx(423,46): error TS1005: ',' expected.
src/components/public/WebDevServicePage.tsx(425,27): error TS1003: Identifier expected.
src/components/public/WebDevServicePage.tsx(425,29): error TS1005: '}' expected.
src/components/public/WebDevServicePage.tsx(425,155): error TS17002: Expected corresponding JSX closing tag for 'motion.div'.
src/components/public/WebDevServicePage.tsx(426,19): error TS1005: '}' expected.
src/components/public/WebDevServicePage.tsx(426,21): error TS17002: Expected corresponding JSX closing tag for 'div'.
src/components/public/WebDevServicePage.tsx(430,17): error TS1381: Unexpected token. Did you mean `{'}'}` or `&rbrace;`?
src/components/public/WebDevServicePage.tsx(432,11): error TS1128: Declaration or statement expected.
src/components/public/WebDevServicePage.tsx(439,9): error TS1128: Declaration or statement expected.
src/components/public/WebDevServicePage.tsx(440,7): error TS1109: Expression expected.
src/components/public/WebDevServicePage.tsx(445,16): error TS1005: ';' expected.
src/components/public/WebDevServicePage.tsx(456,17): error TS2657: JSX expressions must have one parent element.
src/components/public/WebDevServicePage.tsx(457,70): error TS1005: '}' expected.
src/components/public/WebDevServicePage.tsx(459,25): error TS1003: Identifier expected.
src/components/public/WebDevServicePage.tsx(459,205): error TS1382: Unexpected token. Did you mean `{'>'}` or `&gt;`?
src/components/public/WebDevServicePage.tsx(461,21): error TS17002: Expected corresponding JSX closing tag for 'button'.
src/components/public/WebDevServicePage.tsx(465,17): error TS1005: '}' expected.
src/components/public/WebDevServicePage.tsx(465,19): error TS17002: Expected corresponding JSX closing tag for 'div'.
src/components/public/WebDevServicePage.tsx(470,53): error TS1005: ',' expected.
src/components/public/WebDevServicePage.tsx(475,21): error TS1005: ',' expected.
src/components/public/WebDevServicePage.tsx(475,23): error TS17002: Expected corresponding JSX closing tag for 'AnimatePresence'.
src/components/public/WebDevServicePage.tsx(476,20): error TS1381: Unexpected token. Did you mean `{'}'}` or `&rbrace;`?
src/components/public/WebDevServicePage.tsx(477,19): error TS17002: Expected corresponding JSX closing tag for 'div'.
src/components/public/WebDevServicePage.tsx(478,15): error TS1128: Declaration or statement expected.
src/components/public/WebDevServicePage.tsx(479,13): error TS1109: Expression expected.
src/components/public/WebDevServicePage.tsx(479,14): error TS1128: Declaration or statement expected.
src/components/public/WebDevServicePage.tsx(479,15): error TS1128: Declaration or statement expected.
src/components/public/WebDevServicePage.tsx(480,11): error TS1128: Declaration or statement expected.
src/components/public/WebDevServicePage.tsx(481,9): error TS1109: Expression expected.
src/components/public/WebDevServicePage.tsx(482,7): error TS1109: Expression expected.
src/components/public/WebDevServicePage.tsx(485,5): error TS1128: Declaration or statement expected.
src/components/public/WebDevServicePage.tsx(486,3): error TS1109: Expression expected.
src/components/public/WebDevServicePage.tsx(487,1): error TS1128: Declaration or statement expected.
